kyleking/jj-diff #42  comments                0% · 1 ready · 1 draft · 1 skipped
▌
     internal/vcs/diff.go  1 ready · 1 draft ───────────────────────────────────
 
      ┃ ● MAJOR  ready
      ┃ split can fail now, so this has to check err.
 
      ┃ ◐ QUESTION  draft
      ┃ Is first still 1 after the change?
      ┃ NOTE  Unverified: I have not read the caller.
 
     internal/vcs/git.go  1 skipped ────────────────────────────────────────────
 
      ┃ REVIEW BODY  empty · e to write one
      ┃ REVIEW NOTE  empty · e to write one








comments