kyleking/jj-diff #42  split                                                           0% · 1 ready · 1 draft · 1 skipped
▌     ┃ REVIEW  no body, no note · e to write one
 
     internal/vcs/diff.go  +2 -1 ───────────────────────────────────────────────────────────────────────────────────────
       func Parse(r io.Reader) ([]Hunk, error) {
  14│      first := 1                                       │  14│      first := 1                                      
 
      ┃ ◐ QUESTION  draft
      ┃ Is first still 1 after the change?
      ┃ NOTE  Unverified: I have not read the caller.
  15│-     lines := split(r)                                │  15│+     lines, err := split(r)                          
 
      ┃ ● MAJOR  ready
      ┃ split can fail now, so this has to check err.
                                                            │  16│+     if err != nil {                                 
  16│      last := 4                                        │  17│      last := 4                                       
     internal/vcs/git.go ───────────────────────────────────────────────────────────────────────────────────────────────
       func Head() string {
 200│      return head                                      │ 201│      return head                                     
 
      ┃ ○ NIT  skip  Out of scope for this change.
      ┃ Rename this to headSHA.

split: narrower than 120 columns it draws unified