kyleking/jj-diff #42                                                        0% · on head · 0 ready · 0 draft · 0 skipped
▌     ┃ REVIEW BODY                                                                                                    ┃
      ┃ Picking up the review. I checked production and:                                                               ┃
      ┃                                                                                                                ┃
      ┃ 1. Across 177 live asks, seven orgs carry an id owned by another org, which is the                             ┃
      ┃    case this change is for                                                                                     ┃
      ┃ 2. The org in the ticket has none of it: no cross-org pointer, no duplicate ask                                ┃
      ┃ - it does have two live questionnaires sharing a name                                                          ┃
      ┃                                                                                                                ┃
      ┃ REVIEW NOTE                                                                                                    ┃
      ┃ PROD EVIDENCE (read-only). The orgs named here are real.                                                       ┃
      ┃                                                                                                                ┃
      ┃ - 177 live asks across 7 orgs carry an id owned by a different org, and the template                           ┃
      ┃   asks do the same                                                                                             ┃
      ┃     - every pair of them matches a fork run, so the fork is the source                                         ┃
                                                                                                                       ┃
 internal/vcs  2 files · 2 hunks                                                                                       ┃
   internal/vcs/diff.go ───────────────────────────────────────────────────────────────────────────────────────────────┃
   @@ -14,6 +14,7 @@ func Parse(r io.Reader) ([]Hunk, error) {                                                         ┃
  14       first := 1                                                                                                  │
  15 -     lines := split(r)                                                                                           │
  15 +     lines, err := split(r)                                                                                      │
  16 +     if err != nil {                                                                                             │
 [j/k] line  []] go to  [c]ode  writ[e]  [S]ubmit  [?] help  [q]uit